// Jest Snapshot v1, https://goo.gl/fbAQLP

exports[`The Navbar works properly 1`] = `
<nav
  activekey="/"
  className="Navbar bg-light navbar navbar-expand-md navbar-light sticky-top"
>
  <div
    className="NavContainer container"
  >
    <a
      className="navbar-brand"
      href="/space_travelers_hub/"
      onClick={[Function]}
      rel="noopener noreferrer"
      style={null}
    >
      Space Travelers' Hub
    </a>
    <button
      aria-controls="responsive-navbar-nav"
      aria-label="Toggle navigation"
      className="navbar-toggler collapsed"
      onClick={[Function]}
      type="button"
    >
      <span
        className="navbar-toggler-icon"
      />
    </button>
    <div
      aria-expanded={null}
      className="navbar-collapse collapse"
    >
      <div
        className="ms-auto d-flex navbar-nav"
        onKeyDown={[Function]}
      >
        <a
          className="active nav-link"
          data-rr-ui-event-key="/"
          disabled={false}
          href="/"
          onClick={[Function]}
          rel="noopener noreferrer"
          style={Object {}}
        >
          Rockets
        </a>
        <a
          className="nav-link"
          data-rr-ui-event-key="/Missions"
          disabled={false}
          href="/Missions"
          onClick={[Function]}
          rel="noopener noreferrer"
          style={null}
        >
          Missions
        </a>
        <a
          className="nav-link"
          data-rr-ui-event-key="/MyProfile/"
          disabled={false}
          href="/MyProfile/"
          onClick={[Function]}
          rel="noopener noreferrer"
          style={null}
        >
          <span>
            |
          </span>
          <span>
            My Profile
          </span>
        </a>
      </div>
    </div>
  </div>
</nav>
`;
